// Jest Snapshot v1, https://goo.gl/fbAQLP

exports[`Message should match snapshot 1`] = `
<div
  className="Message"
>
  Player's turn: X
</div>
`;
